../Drivers/STM32G4xx_HAL_Driver/Src/stm32g4xx_hal_flash.c:743:13:FLASH_Program_Fast	8	static,ignoring_inline_asm
../Drivers/STM32G4xx_HAL_Driver/Src/stm32g4xx_hal_flash.c:460:13:HAL_FLASH_EndOfOperationCallback	0	static
../Drivers/STM32G4xx_HAL_Driver/Src/stm32g4xx_hal_flash.c:478:13:HAL_FLASH_OperationErrorCallback	0	static
../Drivers/STM32G4xx_HAL_Driver/Src/stm32g4xx_hal_flash.c:322:6:HAL_FLASH_IRQHandler	8	static
../Drivers/STM32G4xx_HAL_Driver/Src/stm32g4xx_hal_flash.c:511:19:HAL_FLASH_Unlock	0	static
../Drivers/STM32G4xx_HAL_Driver/Src/stm32g4xx_hal_flash.c:535:19:HAL_FLASH_Lock	0	static
../Drivers/STM32G4xx_HAL_Driver/Src/stm32g4xx_hal_flash.c:555:19:HAL_FLASH_OB_Unlock	0	static
../Drivers/STM32G4xx_HAL_Driver/Src/stm32g4xx_hal_flash.c:579:19:HAL_FLASH_OB_Lock	0	static
../Drivers/STM32G4xx_HAL_Driver/Src/stm32g4xx_hal_flash.c:647:10:HAL_FLASH_GetError	0	static
../Drivers/STM32G4xx_HAL_Driver/Src/stm32g4xx_hal_flash.c:671:19:FLASH_WaitForLastOperation	16	static
../Drivers/STM32G4xx_HAL_Driver/Src/stm32g4xx_hal_flash.c:168:19:HAL_FLASH_Program	32	static,ignoring_inline_asm
../Drivers/STM32G4xx_HAL_Driver/Src/stm32g4xx_hal_flash.c:250:19:HAL_FLASH_Program_IT	32	static,ignoring_inline_asm
../Drivers/STM32G4xx_HAL_Driver/Src/stm32g4xx_hal_flash.c:599:19:HAL_FLASH_OB_Launch	0	static
