../Drivers/STM32G4xx_HAL_Driver/Src/stm32g4xx_hal_flash_ex.c:536:13:FLASH_MassErase	0	static
../Drivers/STM32G4xx_HAL_Driver/Src/stm32g4xx_hal_flash_ex.c:310:19:HAL_FLASHEx_OBProgram	32	static
../Drivers/STM32G4xx_HAL_Driver/Src/stm32g4xx_hal_flash_ex.c:399:6:HAL_FLASHEx_OBGetConfig	0	static
../Drivers/STM32G4xx_HAL_Driver/Src/stm32g4xx_hal_flash_ex.c:459:19:HAL_FLASHEx_EnableSecMemProtection	0	static
../Drivers/STM32G4xx_HAL_Driver/Src/stm32g4xx_hal_flash_ex.c:497:6:HAL_FLASHEx_EnableDebugger	0	static
../Drivers/STM32G4xx_HAL_Driver/Src/stm32g4xx_hal_flash_ex.c:508:6:HAL_FLASHEx_DisableDebugger	0	static
../Drivers/STM32G4xx_HAL_Driver/Src/stm32g4xx_hal_flash_ex.c:581:6:FLASH_PageErase	0	static
../Drivers/STM32G4xx_HAL_Driver/Src/stm32g4xx_hal_flash_ex.c:237:19:HAL_FLASHEx_Erase_IT	8	static
../Drivers/STM32G4xx_HAL_Driver/Src/stm32g4xx_hal_flash_ex.c:619:6:FLASH_FlushCaches	0	static
../Drivers/STM32G4xx_HAL_Driver/Src/stm32g4xx_hal_flash_ex.c:138:19:HAL_FLASHEx_Erase	32	static
