../Drivers/STM32G4xx_HAL_Driver/Src/stm32g4xx_hal_tim_ex.c:3640:13:TIM_CCxNChannelCmd	8	static
../Drivers/STM32G4xx_HAL_Driver/Src/stm32g4xx_hal_tim_ex.c:3589:13:TIM_DMAErrorCCxN	8	static
../Drivers/STM32G4xx_HAL_Driver/Src/stm32g4xx_hal_tim_ex.c:3530:13:TIM_DMADelayPulseNCplt	8	static
../Drivers/STM32G4xx_HAL_Driver/Src/stm32g4xx_hal_tim_ex.c:304:13:HAL_TIMEx_HallSensor_MspInit	0	static
../Drivers/STM32G4xx_HAL_Driver/Src/stm32g4xx_hal_tim_ex.c:157:19:HAL_TIMEx_HallSensor_Init	48	static
../Drivers/STM32G4xx_HAL_Driver/Src/stm32g4xx_hal_tim_ex.c:319:13:HAL_TIMEx_HallSensor_MspDeInit	0	static
../Drivers/STM32G4xx_HAL_Driver/Src/stm32g4xx_hal_tim_ex.c:259:19:HAL_TIMEx_HallSensor_DeInit	8	static
../Drivers/STM32G4xx_HAL_Driver/Src/stm32g4xx_hal_tim_ex.c:334:19:HAL_TIMEx_HallSensor_Start	16	static
../Drivers/STM32G4xx_HAL_Driver/Src/stm32g4xx_hal_tim_ex.c:387:19:HAL_TIMEx_HallSensor_Stop	8	static
../Drivers/STM32G4xx_HAL_Driver/Src/stm32g4xx_hal_tim_ex.c:415:19:HAL_TIMEx_HallSensor_Start_IT	16	static
../Drivers/STM32G4xx_HAL_Driver/Src/stm32g4xx_hal_tim_ex.c:471:19:HAL_TIMEx_HallSensor_Stop_IT	8	static
../Drivers/STM32G4xx_HAL_Driver/Src/stm32g4xx_hal_tim_ex.c:504:19:HAL_TIMEx_HallSensor_Start_DMA	24	static
../Drivers/STM32G4xx_HAL_Driver/Src/stm32g4xx_hal_tim_ex.c:579:19:HAL_TIMEx_HallSensor_Stop_DMA	8	static
../Drivers/STM32G4xx_HAL_Driver/Src/stm32g4xx_hal_tim_ex.c:641:19:HAL_TIMEx_OCN_Start	8	static
../Drivers/STM32G4xx_HAL_Driver/Src/stm32g4xx_hal_tim_ex.c:693:19:HAL_TIMEx_OCN_Stop	16	static
../Drivers/STM32G4xx_HAL_Driver/Src/stm32g4xx_hal_tim_ex.c:726:19:HAL_TIMEx_OCN_Start_IT	8	static
../Drivers/STM32G4xx_HAL_Driver/Src/stm32g4xx_hal_tim_ex.c:820:19:HAL_TIMEx_OCN_Stop_IT	16	static
../Drivers/STM32G4xx_HAL_Driver/Src/stm32g4xx_hal_tim_ex.c:903:19:HAL_TIMEx_OCN_Start_DMA	16	static
../Drivers/STM32G4xx_HAL_Driver/Src/stm32g4xx_hal_tim_ex.c:1063:19:HAL_TIMEx_OCN_Stop_DMA	16	static
../Drivers/STM32G4xx_HAL_Driver/Src/stm32g4xx_hal_tim_ex.c:1162:19:HAL_TIMEx_PWMN_Start	0	static
../Drivers/STM32G4xx_HAL_Driver/Src/stm32g4xx_hal_tim_ex.c:1213:19:HAL_TIMEx_PWMN_Stop	0	static
../Drivers/STM32G4xx_HAL_Driver/Src/stm32g4xx_hal_tim_ex.c:1246:19:HAL_TIMEx_PWMN_Start_IT	0	static
../Drivers/STM32G4xx_HAL_Driver/Src/stm32g4xx_hal_tim_ex.c:1340:19:HAL_TIMEx_PWMN_Stop_IT	0	static
../Drivers/STM32G4xx_HAL_Driver/Src/stm32g4xx_hal_tim_ex.c:1423:19:HAL_TIMEx_PWMN_Start_DMA	0	static
../Drivers/STM32G4xx_HAL_Driver/Src/stm32g4xx_hal_tim_ex.c:1583:19:HAL_TIMEx_PWMN_Stop_DMA	0	static
../Drivers/STM32G4xx_HAL_Driver/Src/stm32g4xx_hal_tim_ex.c:1682:19:HAL_TIMEx_OnePulseN_Start	24	static
../Drivers/STM32G4xx_HAL_Driver/Src/stm32g4xx_hal_tim_ex.c:1730:19:HAL_TIMEx_OnePulseN_Stop	16	static
../Drivers/STM32G4xx_HAL_Driver/Src/stm32g4xx_hal_tim_ex.c:1769:19:HAL_TIMEx_OnePulseN_Start_IT	24	static
../Drivers/STM32G4xx_HAL_Driver/Src/stm32g4xx_hal_tim_ex.c:1823:19:HAL_TIMEx_OnePulseN_Stop_IT	16	static
../Drivers/STM32G4xx_HAL_Driver/Src/stm32g4xx_hal_tim_ex.c:1917:19:HAL_TIMEx_ConfigCommutEvent	8	static
../Drivers/STM32G4xx_HAL_Driver/Src/stm32g4xx_hal_tim_ex.c:2005:19:HAL_TIMEx_ConfigCommutEvent_IT	8	static
../Drivers/STM32G4xx_HAL_Driver/Src/stm32g4xx_hal_tim_ex.c:2095:19:HAL_TIMEx_ConfigCommutEvent_DMA	8	static
../Drivers/STM32G4xx_HAL_Driver/Src/stm32g4xx_hal_tim_ex.c:2166:19:HAL_TIMEx_MasterConfigSynchronization	12	static
../Drivers/STM32G4xx_HAL_Driver/Src/stm32g4xx_hal_tim_ex.c:2239:19:HAL_TIMEx_ConfigBreakDeadTime	8	static
../Drivers/STM32G4xx_HAL_Driver/Src/stm32g4xx_hal_tim_ex.c:2307:19:HAL_TIMEx_ConfigBreakInput	20	static
../Drivers/STM32G4xx_HAL_Driver/Src/stm32g4xx_hal_tim_ex.c:2573:19:HAL_TIMEx_RemapConfig	0	static
../Drivers/STM32G4xx_HAL_Driver/Src/stm32g4xx_hal_tim_ex.c:2747:19:HAL_TIMEx_TISelection	0	static
../Drivers/STM32G4xx_HAL_Driver/Src/stm32g4xx_hal_tim_ex.c:2802:19:HAL_TIMEx_GroupChannel5	0	static
../Drivers/STM32G4xx_HAL_Driver/Src/stm32g4xx_hal_tim_ex.c:2840:19:HAL_TIMEx_DisarmBreakInput	0	static
../Drivers/STM32G4xx_HAL_Driver/Src/stm32g4xx_hal_tim_ex.c:2892:19:HAL_TIMEx_ReArmBreakInput	16	static
../Drivers/STM32G4xx_HAL_Driver/Src/stm32g4xx_hal_tim_ex.c:2975:19:HAL_TIMEx_DitheringEnable	0	static
../Drivers/STM32G4xx_HAL_Driver/Src/stm32g4xx_hal_tim_ex.c:2999:19:HAL_TIMEx_DitheringDisable	0	static
../Drivers/STM32G4xx_HAL_Driver/Src/stm32g4xx_hal_tim_ex.c:3017:19:HAL_TIMEx_OC_ConfigPulseOnCompare	12	static
../Drivers/STM32G4xx_HAL_Driver/Src/stm32g4xx_hal_tim_ex.c:3061:19:HAL_TIMEx_ConfigSlaveModePreload	0	static
../Drivers/STM32G4xx_HAL_Driver/Src/stm32g4xx_hal_tim_ex.c:3076:19:HAL_TIMEx_EnableSlaveModePreload	0	static
../Drivers/STM32G4xx_HAL_Driver/Src/stm32g4xx_hal_tim_ex.c:3090:19:HAL_TIMEx_DisableSlaveModePreload	0	static
../Drivers/STM32G4xx_HAL_Driver/Src/stm32g4xx_hal_tim_ex.c:3104:19:HAL_TIMEx_EnableDeadTimePreload	0	static
../Drivers/STM32G4xx_HAL_Driver/Src/stm32g4xx_hal_tim_ex.c:3118:19:HAL_TIMEx_DisableDeadTimePreload	0	static
../Drivers/STM32G4xx_HAL_Driver/Src/stm32g4xx_hal_tim_ex.c:3134:19:HAL_TIMEx_ConfigDeadTime	0	static
../Drivers/STM32G4xx_HAL_Driver/Src/stm32g4xx_hal_tim_ex.c:3151:19:HAL_TIMEx_ConfigAsymmetricalDeadTime	0	static
../Drivers/STM32G4xx_HAL_Driver/Src/stm32g4xx_hal_tim_ex.c:3166:19:HAL_TIMEx_EnableAsymmetricalDeadTime	0	static
../Drivers/STM32G4xx_HAL_Driver/Src/stm32g4xx_hal_tim_ex.c:3180:19:HAL_TIMEx_DisableAsymmetricalDeadTime	0	static
../Drivers/STM32G4xx_HAL_Driver/Src/stm32g4xx_hal_tim_ex.c:3198:19:HAL_TIMEx_ConfigEncoderIndex	16	static
../Drivers/STM32G4xx_HAL_Driver/Src/stm32g4xx_hal_tim_ex.c:3233:19:HAL_TIMEx_EnableEncoderIndex	0	static
../Drivers/STM32G4xx_HAL_Driver/Src/stm32g4xx_hal_tim_ex.c:3247:19:HAL_TIMEx_DisableEncoderIndex	0	static
../Drivers/STM32G4xx_HAL_Driver/Src/stm32g4xx_hal_tim_ex.c:3261:19:HAL_TIMEx_EnableEncoderFirstIndex	0	static
../Drivers/STM32G4xx_HAL_Driver/Src/stm32g4xx_hal_tim_ex.c:3275:19:HAL_TIMEx_DisableEncoderFirstIndex	0	static
../Drivers/STM32G4xx_HAL_Driver/Src/stm32g4xx_hal_tim_ex.c:3309:13:HAL_TIMEx_CommutCallback	0	static
../Drivers/STM32G4xx_HAL_Driver/Src/stm32g4xx_hal_tim_ex.c:3492:6:TIMEx_DMACommutationCplt	8	static
../Drivers/STM32G4xx_HAL_Driver/Src/stm32g4xx_hal_tim_ex.c:3323:13:HAL_TIMEx_CommutHalfCpltCallback	0	static
../Drivers/STM32G4xx_HAL_Driver/Src/stm32g4xx_hal_tim_ex.c:3511:6:TIMEx_DMACommutationHalfCplt	8	static
../Drivers/STM32G4xx_HAL_Driver/Src/stm32g4xx_hal_tim_ex.c:3338:13:HAL_TIMEx_BreakCallback	0	static
../Drivers/STM32G4xx_HAL_Driver/Src/stm32g4xx_hal_tim_ex.c:3353:13:HAL_TIMEx_Break2Callback	0	static
../Drivers/STM32G4xx_HAL_Driver/Src/stm32g4xx_hal_tim_ex.c:3368:13:HAL_TIMEx_EncoderIndexCallback	0	static
../Drivers/STM32G4xx_HAL_Driver/Src/stm32g4xx_hal_tim_ex.c:3383:13:HAL_TIMEx_DirectionChangeCallback	0	static
../Drivers/STM32G4xx_HAL_Driver/Src/stm32g4xx_hal_tim_ex.c:3398:13:HAL_TIMEx_IndexErrorCallback	0	static
../Drivers/STM32G4xx_HAL_Driver/Src/stm32g4xx_hal_tim_ex.c:3413:13:HAL_TIMEx_TransitionErrorCallback	0	static
../Drivers/STM32G4xx_HAL_Driver/Src/stm32g4xx_hal_tim_ex.c:3447:22:HAL_TIMEx_HallSensor_GetState	0	static
../Drivers/STM32G4xx_HAL_Driver/Src/stm32g4xx_hal_tim_ex.c:3463:29:HAL_TIMEx_GetChannelNState	0	static
