../Drivers/STM32G4xx_HAL_Driver/Src/stm32g4xx_hal_dma.c:1002:13:DMA_SetConfig	16	static
../Drivers/STM32G4xx_HAL_Driver/Src/stm32g4xx_hal_dma.c:1045:13:DMA_CalcDMAMUXChannelBaseAndMask	8	static
../Drivers/STM32G4xx_HAL_Driver/Src/stm32g4xx_hal_dma.c:152:19:HAL_DMA_Init	16	static
../Drivers/STM32G4xx_HAL_Driver/Src/stm32g4xx_hal_dma.c:263:19:HAL_DMA_DeInit	16	static
../Drivers/STM32G4xx_HAL_Driver/Src/stm32g4xx_hal_dma.c:380:19:HAL_DMA_Start	16	static
../Drivers/STM32G4xx_HAL_Driver/Src/stm32g4xx_hal_dma.c:423:19:HAL_DMA_Start_IT	16	static
../Drivers/STM32G4xx_HAL_Driver/Src/stm32g4xx_hal_dma.c:492:19:HAL_DMA_Abort	0	static
../Drivers/STM32G4xx_HAL_Driver/Src/stm32g4xx_hal_dma.c:545:19:HAL_DMA_Abort_IT	8	static
../Drivers/STM32G4xx_HAL_Driver/Src/stm32g4xx_hal_dma.c:612:19:HAL_DMA_PollForTransfer	32	static
../Drivers/STM32G4xx_HAL_Driver/Src/stm32g4xx_hal_dma.c:742:6:HAL_DMA_IRQHandler	12	static
../Drivers/STM32G4xx_HAL_Driver/Src/stm32g4xx_hal_dma.c:836:19:HAL_DMA_RegisterCallback	8	static
../Drivers/STM32G4xx_HAL_Driver/Src/stm32g4xx_hal_dma.c:888:19:HAL_DMA_UnRegisterCallback	8	static
../Drivers/STM32G4xx_HAL_Driver/Src/stm32g4xx_hal_dma.c:964:22:HAL_DMA_GetState	0	static
../Drivers/STM32G4xx_HAL_Driver/Src/stm32g4xx_hal_dma.c:976:10:HAL_DMA_GetError	0	static
