../Drivers/STM32G4xx_HAL_Driver/Src/stm32g4xx_hal_cortex.c:161:6:HAL_NVIC_SetPriorityGrouping	0	static
../Drivers/STM32G4xx_HAL_Driver/Src/stm32g4xx_hal_cortex.c:183:6:HAL_NVIC_SetPriority	12	static
../Drivers/STM32G4xx_HAL_Driver/Src/stm32g4xx_hal_cortex.c:205:6:HAL_NVIC_EnableIRQ	0	static,ignoring_inline_asm
../Drivers/STM32G4xx_HAL_Driver/Src/stm32g4xx_hal_cortex.c:221:6:HAL_NVIC_DisableIRQ	0	static,ignoring_inline_asm
../Drivers/STM32G4xx_HAL_Driver/Src/stm32g4xx_hal_cortex.c:234:6:HAL_NVIC_SystemReset	0	static,ignoring_inline_asm
../Drivers/STM32G4xx_HAL_Driver/Src/stm32g4xx_hal_cortex.c:247:10:HAL_SYSTICK_Config	0	static
../Drivers/STM32G4xx_HAL_Driver/Src/stm32g4xx_hal_cortex.c:275:10:HAL_NVIC_GetPriorityGrouping	0	static
../Drivers/STM32G4xx_HAL_Driver/Src/stm32g4xx_hal_cortex.c:302:6:HAL_NVIC_GetPriority	16	static
../Drivers/STM32G4xx_HAL_Driver/Src/stm32g4xx_hal_cortex.c:317:6:HAL_NVIC_SetPendingIRQ	0	static
../Drivers/STM32G4xx_HAL_Driver/Src/stm32g4xx_hal_cortex.c:335:10:HAL_NVIC_GetPendingIRQ	0	static
../Drivers/STM32G4xx_HAL_Driver/Src/stm32g4xx_hal_cortex.c:351:6:HAL_NVIC_ClearPendingIRQ	0	static
../Drivers/STM32G4xx_HAL_Driver/Src/stm32g4xx_hal_cortex.c:368:10:HAL_NVIC_GetActive	0	static
../Drivers/STM32G4xx_HAL_Driver/Src/stm32g4xx_hal_cortex.c:382:6:HAL_SYSTICK_CLKSourceConfig	0	static
../Drivers/STM32G4xx_HAL_Driver/Src/stm32g4xx_hal_cortex.c:409:13:HAL_SYSTICK_Callback	0	static
../Drivers/STM32G4xx_HAL_Driver/Src/stm32g4xx_hal_cortex.c:400:6:HAL_SYSTICK_IRQHandler	8	static
../Drivers/STM32G4xx_HAL_Driver/Src/stm32g4xx_hal_cortex.c:428:6:HAL_MPU_Enable	0	static,ignoring_inline_asm
../Drivers/STM32G4xx_HAL_Driver/Src/stm32g4xx_hal_cortex.c:442:6:HAL_MPU_Disable	0	static,ignoring_inline_asm
../Drivers/STM32G4xx_HAL_Driver/Src/stm32g4xx_hal_cortex.c:455:6:HAL_MPU_EnableRegion	0	static
../Drivers/STM32G4xx_HAL_Driver/Src/stm32g4xx_hal_cortex.c:471:6:HAL_MPU_DisableRegion	0	static
../Drivers/STM32G4xx_HAL_Driver/Src/stm32g4xx_hal_cortex.c:489:6:HAL_MPU_ConfigRegion	0	static
