../Drivers/STM32G4xx_HAL_Driver/Src/stm32g4xx_hal_rcc.c:219:19:HAL_RCC_DeInit	16	static
../Drivers/STM32G4xx_HAL_Driver/Src/stm32g4xx_hal_rcc.c:312:19:HAL_RCC_OscConfig	32	static
../Drivers/STM32G4xx_HAL_Driver/Src/stm32g4xx_hal_rcc.c:997:6:HAL_RCC_MCOConfig	48	static
../Drivers/STM32G4xx_HAL_Driver/Src/stm32g4xx_hal_rcc.c:1066:10:HAL_RCC_GetSysClockFreq	0	static
../Drivers/STM32G4xx_HAL_Driver/Src/stm32g4xx_hal_rcc.c:768:19:HAL_RCC_ClockConfig	32	static
../Drivers/STM32G4xx_HAL_Driver/Src/stm32g4xx_hal_rcc.c:1121:10:HAL_RCC_GetHCLKFreq	0	static
../Drivers/STM32G4xx_HAL_Driver/Src/stm32g4xx_hal_rcc.c:1132:10:HAL_RCC_GetPCLK1Freq	0	static
../Drivers/STM32G4xx_HAL_Driver/Src/stm32g4xx_hal_rcc.c:1144:10:HAL_RCC_GetPCLK2Freq	0	static
../Drivers/STM32G4xx_HAL_Driver/Src/stm32g4xx_hal_rcc.c:1157:6:HAL_RCC_GetOscConfig	0	static
../Drivers/STM32G4xx_HAL_Driver/Src/stm32g4xx_hal_rcc.c:1251:6:HAL_RCC_GetClockConfig	0	static
../Drivers/STM32G4xx_HAL_Driver/Src/stm32g4xx_hal_rcc.c:1286:6:HAL_RCC_EnableCSS	0	static
../Drivers/STM32G4xx_HAL_Driver/Src/stm32g4xx_hal_rcc.c:1300:6:HAL_RCC_EnableLSECSS	0	static
../Drivers/STM32G4xx_HAL_Driver/Src/stm32g4xx_hal_rcc.c:1311:6:HAL_RCC_DisableLSECSS	0	static
../Drivers/STM32G4xx_HAL_Driver/Src/stm32g4xx_hal_rcc.c:1338:13:HAL_RCC_CSSCallback	0	static
../Drivers/STM32G4xx_HAL_Driver/Src/stm32g4xx_hal_rcc.c:1321:6:HAL_RCC_NMI_IRQHandler	8	static
