../Drivers/STM32G4xx_HAL_Driver/Src/stm32g4xx_hal_pwr.c:86:6:HAL_PWR_DeInit	0	static
../Drivers/STM32G4xx_HAL_Driver/Src/stm32g4xx_hal_pwr.c:104:6:HAL_PWR_EnableBkUpAccess	0	static
../Drivers/STM32G4xx_HAL_Driver/Src/stm32g4xx_hal_pwr.c:114:6:HAL_PWR_DisableBkUpAccess	0	static
../Drivers/STM32G4xx_HAL_Driver/Src/stm32g4xx_hal_pwr.c:301:19:HAL_PWR_ConfigPVD	0	static
../Drivers/STM32G4xx_HAL_Driver/Src/stm32g4xx_hal_pwr.c:346:6:HAL_PWR_EnablePVD	0	static
../Drivers/STM32G4xx_HAL_Driver/Src/stm32g4xx_hal_pwr.c:355:6:HAL_PWR_DisablePVD	0	static
../Drivers/STM32G4xx_HAL_Driver/Src/stm32g4xx_hal_pwr.c:377:6:HAL_PWR_EnableWakeUpPin	0	static
../Drivers/STM32G4xx_HAL_Driver/Src/stm32g4xx_hal_pwr.c:397:6:HAL_PWR_DisableWakeUpPin	0	static
../Drivers/STM32G4xx_HAL_Driver/Src/stm32g4xx_hal_pwr.c:428:6:HAL_PWR_EnterSLEEPMode	8	static,ignoring_inline_asm
../Drivers/STM32G4xx_HAL_Driver/Src/stm32g4xx_hal_pwr.c:502:6:HAL_PWR_EnterSTOPMode	0	static
../Drivers/STM32G4xx_HAL_Driver/Src/stm32g4xx_hal_pwr.c:535:6:HAL_PWR_EnterSTANDBYMode	0	static,ignoring_inline_asm
../Drivers/STM32G4xx_HAL_Driver/Src/stm32g4xx_hal_pwr.c:559:6:HAL_PWR_EnableSleepOnExit	0	static
../Drivers/STM32G4xx_HAL_Driver/Src/stm32g4xx_hal_pwr.c:571:6:HAL_PWR_DisableSleepOnExit	0	static
../Drivers/STM32G4xx_HAL_Driver/Src/stm32g4xx_hal_pwr.c:583:6:HAL_PWR_EnableSEVOnPend	0	static
../Drivers/STM32G4xx_HAL_Driver/Src/stm32g4xx_hal_pwr.c:595:6:HAL_PWR_DisableSEVOnPend	0	static
../Drivers/STM32G4xx_HAL_Driver/Src/stm32g4xx_hal_pwr.c:605:13:HAL_PWR_PVDCallback	0	static
